// Jest Snapshot v1, https://goo.gl/fbAQLP

exports[`Item with full filled props 1`] = `
<a
  className="sc-bcXHqe hlXchW"
  href="/details/1"
  onClick={[Function]}
  poster="xyz.eu"
>
  <div
    className="sc-gswNZR gmVPuo"
  >
    <div
      className="sc-hLBbgP lFNHr"
    >
      item1Name
    </div>
    <div
      className="sc-dkrFOg emALgx"
    >
      overview1
    </div>
  </div>
</a>
`;
